G:/Projects_Nicthe_Jimenez/TouchGFX/TouchGFXProjects/MyApplication/Drivers/STM32H7xx_HAL_Driver/Src/stm32h7xx_hal_ospi.c:318:19:HAL_OSPI_Init	32	static
G:/Projects_Nicthe_Jimenez/TouchGFX/TouchGFXProjects/MyApplication/Drivers/STM32H7xx_HAL_Driver/Src/stm32h7xx_hal_ospi.c:451:13:HAL_OSPI_MspInit	16	static
G:/Projects_Nicthe_Jimenez/TouchGFX/TouchGFXProjects/MyApplication/Drivers/STM32H7xx_HAL_Driver/Src/stm32h7xx_hal_ospi.c:466:19:HAL_OSPI_DeInit	24	static
G:/Projects_Nicthe_Jimenez/TouchGFX/TouchGFXProjects/MyApplication/Drivers/STM32H7xx_HAL_Driver/Src/stm32h7xx_hal_ospi.c:509:13:HAL_OSPI_MspDeInit	16	static
G:/Projects_Nicthe_Jimenez/TouchGFX/TouchGFXProjects/MyApplication/Drivers/STM32H7xx_HAL_Driver/Src/stm32h7xx_hal_ospi.c:549:6:HAL_OSPI_IRQHandler	32	static
G:/Projects_Nicthe_Jimenez/TouchGFX/TouchGFXProjects/MyApplication/Drivers/STM32H7xx_HAL_Driver/Src/stm32h7xx_hal_ospi.c:780:19:HAL_OSPI_Command	48	static
G:/Projects_Nicthe_Jimenez/TouchGFX/TouchGFXProjects/MyApplication/Drivers/STM32H7xx_HAL_Driver/Src/stm32h7xx_hal_ospi.c:910:19:HAL_OSPI_Command_IT	32	static
G:/Projects_Nicthe_Jimenez/TouchGFX/TouchGFXProjects/MyApplication/Drivers/STM32H7xx_HAL_Driver/Src/stm32h7xx_hal_ospi.c:1000:19:HAL_OSPI_HyperbusCfg	48	static
G:/Projects_Nicthe_Jimenez/TouchGFX/TouchGFXProjects/MyApplication/Drivers/STM32H7xx_HAL_Driver/Src/stm32h7xx_hal_ospi.c:1047:19:HAL_OSPI_HyperbusCmd	40	static
G:/Projects_Nicthe_Jimenez/TouchGFX/TouchGFXProjects/MyApplication/Drivers/STM32H7xx_HAL_Driver/Src/stm32h7xx_hal_ospi.c:1109:19:HAL_OSPI_Transmit	48	static
G:/Projects_Nicthe_Jimenez/TouchGFX/TouchGFXProjects/MyApplication/Drivers/STM32H7xx_HAL_Driver/Src/stm32h7xx_hal_ospi.c:1183:19:HAL_OSPI_Receive	56	static
G:/Projects_Nicthe_Jimenez/TouchGFX/TouchGFXProjects/MyApplication/Drivers/STM32H7xx_HAL_Driver/Src/stm32h7xx_hal_ospi.c:1275:19:HAL_OSPI_Transmit_IT	24	static
G:/Projects_Nicthe_Jimenez/TouchGFX/TouchGFXProjects/MyApplication/Drivers/STM32H7xx_HAL_Driver/Src/stm32h7xx_hal_ospi.c:1325:19:HAL_OSPI_Receive_IT	32	static
G:/Projects_Nicthe_Jimenez/TouchGFX/TouchGFXProjects/MyApplication/Drivers/STM32H7xx_HAL_Driver/Src/stm32h7xx_hal_ospi.c:1398:19:HAL_OSPI_Transmit_DMA	40	static
G:/Projects_Nicthe_Jimenez/TouchGFX/TouchGFXProjects/MyApplication/Drivers/STM32H7xx_HAL_Driver/Src/stm32h7xx_hal_ospi.c:1499:19:HAL_OSPI_Receive_DMA	48	static
G:/Projects_Nicthe_Jimenez/TouchGFX/TouchGFXProjects/MyApplication/Drivers/STM32H7xx_HAL_Driver/Src/stm32h7xx_hal_ospi.c:1616:19:HAL_OSPI_AutoPolling	48	static
G:/Projects_Nicthe_Jimenez/TouchGFX/TouchGFXProjects/MyApplication/Drivers/STM32H7xx_HAL_Driver/Src/stm32h7xx_hal_ospi.c:1694:19:HAL_OSPI_AutoPolling_IT	40	static
G:/Projects_Nicthe_Jimenez/TouchGFX/TouchGFXProjects/MyApplication/Drivers/STM32H7xx_HAL_Driver/Src/stm32h7xx_hal_ospi.c:1769:19:HAL_OSPI_MemoryMapped	32	static
G:/Projects_Nicthe_Jimenez/TouchGFX/TouchGFXProjects/MyApplication/Drivers/STM32H7xx_HAL_Driver/Src/stm32h7xx_hal_ospi.c:1822:13:HAL_OSPI_ErrorCallback	16	static
G:/Projects_Nicthe_Jimenez/TouchGFX/TouchGFXProjects/MyApplication/Drivers/STM32H7xx_HAL_Driver/Src/stm32h7xx_hal_ospi.c:1837:13:HAL_OSPI_AbortCpltCallback	16	static
G:/Projects_Nicthe_Jimenez/TouchGFX/TouchGFXProjects/MyApplication/Drivers/STM32H7xx_HAL_Driver/Src/stm32h7xx_hal_ospi.c:1852:13:HAL_OSPI_FifoThresholdCallback	16	static
G:/Projects_Nicthe_Jimenez/TouchGFX/TouchGFXProjects/MyApplication/Drivers/STM32H7xx_HAL_Driver/Src/stm32h7xx_hal_ospi.c:1867:13:HAL_OSPI_CmdCpltCallback	16	static
G:/Projects_Nicthe_Jimenez/TouchGFX/TouchGFXProjects/MyApplication/Drivers/STM32H7xx_HAL_Driver/Src/stm32h7xx_hal_ospi.c:1882:13:HAL_OSPI_RxCpltCallback	16	static
G:/Projects_Nicthe_Jimenez/TouchGFX/TouchGFXProjects/MyApplication/Drivers/STM32H7xx_HAL_Driver/Src/stm32h7xx_hal_ospi.c:1897:14:HAL_OSPI_TxCpltCallback	16	static
G:/Projects_Nicthe_Jimenez/TouchGFX/TouchGFXProjects/MyApplication/Drivers/STM32H7xx_HAL_Driver/Src/stm32h7xx_hal_ospi.c:1912:13:HAL_OSPI_RxHalfCpltCallback	16	static
G:/Projects_Nicthe_Jimenez/TouchGFX/TouchGFXProjects/MyApplication/Drivers/STM32H7xx_HAL_Driver/Src/stm32h7xx_hal_ospi.c:1927:13:HAL_OSPI_TxHalfCpltCallback	16	static
G:/Projects_Nicthe_Jimenez/TouchGFX/TouchGFXProjects/MyApplication/Drivers/STM32H7xx_HAL_Driver/Src/stm32h7xx_hal_ospi.c:1942:13:HAL_OSPI_StatusMatchCallback	16	static
G:/Projects_Nicthe_Jimenez/TouchGFX/TouchGFXProjects/MyApplication/Drivers/STM32H7xx_HAL_Driver/Src/stm32h7xx_hal_ospi.c:1957:13:HAL_OSPI_TimeOutCallback	16	static
G:/Projects_Nicthe_Jimenez/TouchGFX/TouchGFXProjects/MyApplication/Drivers/STM32H7xx_HAL_Driver/Src/stm32h7xx_hal_ospi.c:2207:19:HAL_OSPI_Abort	40	static
G:/Projects_Nicthe_Jimenez/TouchGFX/TouchGFXProjects/MyApplication/Drivers/STM32H7xx_HAL_Driver/Src/stm32h7xx_hal_ospi.c:2275:19:HAL_OSPI_Abort_IT	24	static
G:/Projects_Nicthe_Jimenez/TouchGFX/TouchGFXProjects/MyApplication/Drivers/STM32H7xx_HAL_Driver/Src/stm32h7xx_hal_ospi.c:2353:19:HAL_OSPI_SetFifoThreshold	24	static
G:/Projects_Nicthe_Jimenez/TouchGFX/TouchGFXProjects/MyApplication/Drivers/STM32H7xx_HAL_Driver/Src/stm32h7xx_hal_ospi.c:2381:10:HAL_OSPI_GetFifoThreshold	16	static
G:/Projects_Nicthe_Jimenez/TouchGFX/TouchGFXProjects/MyApplication/Drivers/STM32H7xx_HAL_Driver/Src/stm32h7xx_hal_ospi.c:2391:19:HAL_OSPI_SetTimeout	16	static
G:/Projects_Nicthe_Jimenez/TouchGFX/TouchGFXProjects/MyApplication/Drivers/STM32H7xx_HAL_Driver/Src/stm32h7xx_hal_ospi.c:2402:10:HAL_OSPI_GetError	16	static
G:/Projects_Nicthe_Jimenez/TouchGFX/TouchGFXProjects/MyApplication/Drivers/STM32H7xx_HAL_Driver/Src/stm32h7xx_hal_ospi.c:2412:10:HAL_OSPI_GetState	16	static
G:/Projects_Nicthe_Jimenez/TouchGFX/TouchGFXProjects/MyApplication/Drivers/STM32H7xx_HAL_Driver/Src/stm32h7xx_hal_ospi.c:2444:19:HAL_OSPIM_Config	80	static
G:/Projects_Nicthe_Jimenez/TouchGFX/TouchGFXProjects/MyApplication/Drivers/STM32H7xx_HAL_Driver/Src/stm32h7xx_hal_ospi.c:2572:13:OSPI_DMACplt	24	static
G:/Projects_Nicthe_Jimenez/TouchGFX/TouchGFXProjects/MyApplication/Drivers/STM32H7xx_HAL_Driver/Src/stm32h7xx_hal_ospi.c:2592:13:OSPI_DMAError	24	static
G:/Projects_Nicthe_Jimenez/TouchGFX/TouchGFXProjects/MyApplication/Drivers/STM32H7xx_HAL_Driver/Src/stm32h7xx_hal_ospi.c:2624:13:OSPI_DMAAbortCplt	24	static
G:/Projects_Nicthe_Jimenez/TouchGFX/TouchGFXProjects/MyApplication/Drivers/STM32H7xx_HAL_Driver/Src/stm32h7xx_hal_ospi.c:2681:26:OSPI_WaitFlagStateUntilTimeout	24	static
G:/Projects_Nicthe_Jimenez/TouchGFX/TouchGFXProjects/MyApplication/Drivers/STM32H7xx_HAL_Driver/Src/stm32h7xx_hal_ospi.c:2708:26:OSPI_ConfigCmd	40	static
G:/Projects_Nicthe_Jimenez/TouchGFX/TouchGFXProjects/MyApplication/Drivers/STM32H7xx_HAL_Driver/Src/stm32h7xx_hal_ospi.c:2886:26:OSPIM_GetConfig	32	static
