../../Middlewares/ST/touchgfx/framework/include/touchgfx/Callback.hpp:182:13:touchgfx::GenericCallback<void>::~GenericCallback()	16	static
../../Middlewares/ST/touchgfx/framework/include/touchgfx/Callback.hpp:182:13:virtual touchgfx::GenericCallback<void>::~GenericCallback()	16	static
../../Middlewares/ST/touchgfx/framework/include/touchgfx/hal/Types.hpp:94:5:touchgfx::colortype::colortype(uint32_t)	16	static
../../Middlewares/ST/touchgfx/framework/include/touchgfx/hal/Types.hpp:130:5:touchgfx::Rect::Rect()	16	static
../../Middlewares/ST/touchgfx/framework/include/touchgfx/hal/Types.hpp:146:5:touchgfx::Rect::Rect(int16_t, int16_t, int16_t, int16_t)	24	static
../../Middlewares/ST/touchgfx/framework/include/touchgfx/Drawable.hpp:53:5:touchgfx::Drawable::Drawable()	24	static
../../Middlewares/ST/touchgfx/framework/include/touchgfx/Drawable.hpp:64:13:touchgfx::Drawable::~Drawable()	16	static
../../Middlewares/ST/touchgfx/framework/include/touchgfx/Drawable.hpp:64:13:virtual touchgfx::Drawable::~Drawable()	16	static
../../Middlewares/ST/touchgfx/framework/include/touchgfx/Drawable.hpp:207:18:virtual void touchgfx::Drawable::setPosition(int16_t, int16_t, int16_t, int16_t)	24	static
../../Middlewares/ST/touchgfx/framework/include/touchgfx/Drawable.hpp:261:18:virtual void touchgfx::Drawable::setX(int16_t)	16	static
../../Middlewares/ST/touchgfx/framework/include/touchgfx/Drawable.hpp:273:18:virtual void touchgfx::Drawable::setY(int16_t)	16	static
../../Middlewares/ST/touchgfx/framework/include/touchgfx/Drawable.hpp:289:18:virtual void touchgfx::Drawable::setXY(int16_t, int16_t)	16	static
../../Middlewares/ST/touchgfx/framework/include/touchgfx/Drawable.hpp:302:18:virtual void touchgfx::Drawable::setWidth(int16_t)	16	static
../../Middlewares/ST/touchgfx/framework/include/touchgfx/Drawable.hpp:314:18:virtual void touchgfx::Drawable::setHeight(int16_t)	16	static
../../Middlewares/ST/touchgfx/framework/include/touchgfx/Drawable.hpp:324:18:virtual void touchgfx::Drawable::childGeometryChanged()	16	static
../../Middlewares/ST/touchgfx/framework/include/touchgfx/Drawable.hpp:334:18:virtual void touchgfx::Drawable::handleClickEvent(const touchgfx::ClickEvent&)	16	static
../../Middlewares/ST/touchgfx/framework/include/touchgfx/Drawable.hpp:344:18:virtual void touchgfx::Drawable::handleGestureEvent(const touchgfx::GestureEvent&)	16	static
../../Middlewares/ST/touchgfx/framework/include/touchgfx/Drawable.hpp:354:18:virtual void touchgfx::Drawable::handleDragEvent(const touchgfx::DragEvent&)	16	static
../../Middlewares/ST/touchgfx/framework/include/touchgfx/Drawable.hpp:364:18:virtual void touchgfx::Drawable::handleTickEvent()	16	static
../../Middlewares/ST/touchgfx/framework/include/touchgfx/Drawable.hpp:388:10:void touchgfx::Drawable::setTouchable(bool)	16	static
../../Middlewares/ST/touchgfx/framework/include/touchgfx/Drawable.hpp:400:10:bool touchgfx::Drawable::isVisible() const	16	static
../../Middlewares/ST/touchgfx/framework/include/touchgfx/Drawable.hpp:412:10:bool touchgfx::Drawable::isTouchable() const	16	static
../../Middlewares/ST/touchgfx/framework/include/touchgfx/Drawable.hpp:451:18:virtual void touchgfx::Drawable::moveTo(int16_t, int16_t)	16	static
../../Middlewares/ST/touchgfx/framework/include/touchgfx/Drawable.hpp:488:10:void touchgfx::Drawable::resetDrawChainCache()	16	static
../../Middlewares/ST/touchgfx/framework/include/touchgfx/Drawable.hpp:566:18:virtual void touchgfx::Drawable::setupDrawChain(const touchgfx::Rect&, touchgfx::Drawable**)	24	static
../../Middlewares/ST/touchgfx/framework/include/touchgfx/hal/HAL.hpp:108:17:static touchgfx::HAL* touchgfx::HAL::getInstance()	4	static
../../Middlewares/ST/touchgfx/framework/include/touchgfx/hal/HAL.hpp:225:17:static touchgfx::LCD& touchgfx::HAL::lcd()	4	static
../../Middlewares/ST/touchgfx/framework/include/touchgfx/Color.hpp:51:22:static touchgfx::colortype touchgfx::Color::getColorFrom24BitRGB(uint8_t, uint8_t, uint8_t)	24	static
../../Middlewares/ST/touchgfx/framework/include/touchgfx/containers/Container.hpp:45:5:touchgfx::Container::Container()	16	static
../../Middlewares/ST/touchgfx/framework/include/touchgfx/widgets/Widget.hpp:50:18:virtual void touchgfx::Widget::getLastChild(int16_t, int16_t, touchgfx::Drawable**)	24	static
../../Middlewares/ST/touchgfx/framework/include/touchgfx/widgets/Widget.hpp:39:7:touchgfx::Widget::Widget()	16	static
../../Middlewares/ST/touchgfx/framework/include/touchgfx/widgets/Widget.hpp:39:7:touchgfx::Widget::~Widget()	16	static
../../Middlewares/ST/touchgfx/framework/include/touchgfx/widgets/Widget.hpp:39:7:virtual touchgfx::Widget::~Widget()	16	static
../../Middlewares/ST/touchgfx/framework/include/touchgfx/TypedText.hpp:62:14:touchgfx::TypedText::TypedText(touchgfx::TypedTextId)	16	static
../../Middlewares/ST/touchgfx/framework/include/touchgfx/TypedText.hpp:68:13:touchgfx::TypedText::~TypedText()	16	static
../../Middlewares/ST/touchgfx/framework/include/touchgfx/TypedText.hpp:68:13:virtual touchgfx::TypedText::~TypedText()	16	static
../../Middlewares/ST/touchgfx/framework/include/touchgfx/widgets/TextArea.hpp:47:5:touchgfx::TextArea::TextArea()	16	static
../../Middlewares/ST/touchgfx/framework/include/touchgfx/widgets/TextArea.hpp:44:7:touchgfx::TextArea::~TextArea()	16	static
../../Middlewares/ST/touchgfx/framework/include/touchgfx/widgets/TextArea.hpp:44:7:virtual touchgfx::TextArea::~TextArea()	16	static
../../Middlewares/ST/touchgfx/framework/include/touchgfx/widgets/Keyboard.hpp:192:14:uint16_t touchgfx::Keyboard::getBufferPosition()	16	static
../../Middlewares/ST/touchgfx/framework/include/touchgfx/widgets/Keyboard.hpp:204:27:touchgfx::Unicode::UnicodeChar* touchgfx::Keyboard::getBuffer() const	16	static
../../Middlewares/ST/touchgfx/framework/include/touchgfx/widgets/Keyboard.hpp:246:10:void touchgfx::Keyboard::setKeyListener(touchgfx::GenericCallback<short unsigned int>&)	16	static
../../Middlewares/ST/touchgfx/framework/include/touchgfx/containers/Container.hpp:42:7:touchgfx::Container::~Container()	16	static
../../Middlewares/ST/touchgfx/framework/include/touchgfx/containers/Container.hpp:42:7:virtual touchgfx::Container::~Container()	16	static
../../TouchGFX/gui/include/gui/common/CustomKeyboard.hpp:25:13:CustomKeyboard::~CustomKeyboard()	16	static
../../TouchGFX/gui/include/gui/common/CustomKeyboard.hpp:25:13:virtual CustomKeyboard::~CustomKeyboard()	16	static
G:/Projects_Nicthe_Jimenez/TouchGFX/TouchGFXProjects/MyApplication/TouchGFX/gui/src/common/CustomKeyboard.cpp:3:1:CustomKeyboard::CustomKeyboard()	72	static
G:/Projects_Nicthe_Jimenez/TouchGFX/TouchGFXProjects/MyApplication/TouchGFX/gui/src/common/CustomKeyboard.cpp:37:6:void CustomKeyboard::setKeyMappingList()	40	static
G:/Projects_Nicthe_Jimenez/TouchGFX/TouchGFXProjects/MyApplication/TouchGFX/gui/src/common/CustomKeyboard.cpp:65:6:void CustomKeyboard::backspacePressedHandler()	24	static
G:/Projects_Nicthe_Jimenez/TouchGFX/TouchGFXProjects/MyApplication/TouchGFX/gui/src/common/CustomKeyboard.cpp:84:6:void CustomKeyboard::capslockPressedHandler()	16	static
G:/Projects_Nicthe_Jimenez/TouchGFX/TouchGFXProjects/MyApplication/TouchGFX/gui/src/common/CustomKeyboard.cpp:90:6:void CustomKeyboard::modePressedHandler()	16	static
G:/Projects_Nicthe_Jimenez/TouchGFX/TouchGFXProjects/MyApplication/TouchGFX/gui/src/common/CustomKeyboard.cpp:107:6:void CustomKeyboard::keyPressedhandler(touchgfx::Unicode::UnicodeChar)	16	static
G:/Projects_Nicthe_Jimenez/TouchGFX/TouchGFXProjects/MyApplication/TouchGFX/gui/src/common/CustomKeyboard.cpp:118:6:void CustomKeyboard::setTouchable(bool)	16	static
G:/Projects_Nicthe_Jimenez/TouchGFX/TouchGFXProjects/MyApplication/TouchGFX/gui/src/common/CustomKeyboard.cpp:123:23:touchgfx::Unicode::UnicodeChar* CustomKeyboard::getBuffer()	16	static
../../Middlewares/ST/touchgfx/framework/include/touchgfx/Callback.hpp:178:7:constexpr touchgfx::GenericCallback<void>::GenericCallback()	16	static
../../Middlewares/ST/touchgfx/framework/include/touchgfx/Callback.hpp:446:5:touchgfx::Callback<dest_type, void, void, void>::Callback(dest_type*, void (dest_type::*)()) [with dest_type = CustomKeyboard]	24	static
../../Middlewares/ST/touchgfx/framework/include/touchgfx/Callback.hpp:137:7:constexpr touchgfx::GenericCallback<short unsigned int>::GenericCallback()	16	static
../../Middlewares/ST/touchgfx/framework/include/touchgfx/Callback.hpp:378:5:touchgfx::Callback<dest_type, T1, void, void>::Callback(dest_type*, void (dest_type::*)(T1)) [with dest_type = CustomKeyboard; T1 = short unsigned int]	24	static
../../Middlewares/ST/touchgfx/framework/include/touchgfx/Callback.hpp:141:13:touchgfx::GenericCallback<T1, void, void>::~GenericCallback() [with T1 = short unsigned int]	16	static
../../Middlewares/ST/touchgfx/framework/include/touchgfx/Callback.hpp:141:13:touchgfx::GenericCallback<T1, void, void>::~GenericCallback() [with T1 = short unsigned int]	16	static
../../Middlewares/ST/touchgfx/framework/include/touchgfx/Callback.hpp:362:8:touchgfx::Callback<CustomKeyboard, short unsigned int>::~Callback()	16	static
../../Middlewares/ST/touchgfx/framework/include/touchgfx/Callback.hpp:362:8:virtual touchgfx::Callback<CustomKeyboard, short unsigned int>::~Callback()	16	static
../../Middlewares/ST/touchgfx/framework/include/touchgfx/Callback.hpp:430:8:touchgfx::Callback<CustomKeyboard>::~Callback()	16	static
../../Middlewares/ST/touchgfx/framework/include/touchgfx/Callback.hpp:430:8:virtual touchgfx::Callback<CustomKeyboard>::~Callback()	16	static
../../Middlewares/ST/touchgfx/framework/include/touchgfx/widgets/Keyboard.hpp:91:7:touchgfx::Keyboard::Layout::~Layout()	16	static
G:/Projects_Nicthe_Jimenez/TouchGFX/TouchGFXProjects/MyApplication/TouchGFX/gui/src/common/CustomKeyboard.cpp:126:1:void __static_initialization_and_destruction_0(int, int)	32	static
../../Middlewares/ST/touchgfx/framework/include/touchgfx/widgets/Image.hpp:42:7:touchgfx::Image::~Image()	16	static
../../Middlewares/ST/touchgfx/framework/include/touchgfx/widgets/Image.hpp:42:7:virtual touchgfx::Image::~Image()	16	static
../../Middlewares/ST/touchgfx/framework/include/touchgfx/widgets/TextAreaWithWildcard.hpp:37:7:touchgfx::TextAreaWithOneWildcard::~TextAreaWithOneWildcard()	16	static
../../Middlewares/ST/touchgfx/framework/include/touchgfx/widgets/TextAreaWithWildcard.hpp:37:7:virtual touchgfx::TextAreaWithOneWildcard::~TextAreaWithOneWildcard()	16	static
../../Middlewares/ST/touchgfx/framework/include/touchgfx/widgets/Keyboard.hpp:56:7:touchgfx::Keyboard::~Keyboard()	16	static
../../Middlewares/ST/touchgfx/framework/include/touchgfx/widgets/Keyboard.hpp:56:7:virtual touchgfx::Keyboard::~Keyboard()	16	static
../../Middlewares/ST/touchgfx/framework/include/touchgfx/Callback.hpp:392:18:void touchgfx::Callback<dest_type, T1, void, void>::execute(T1) [with dest_type = CustomKeyboard; T1 = short unsigned int]	16	static
../../Middlewares/ST/touchgfx/framework/include/touchgfx/Callback.hpp:402:18:bool touchgfx::Callback<dest_type, T1, void, void>::isValid() const [with dest_type = CustomKeyboard; T1 = short unsigned int]	16	static
../../Middlewares/ST/touchgfx/framework/include/touchgfx/Callback.hpp:456:18:void touchgfx::Callback<dest_type, void, void, void>::execute() [with dest_type = CustomKeyboard]	16	static
../../Middlewares/ST/touchgfx/framework/include/touchgfx/Callback.hpp:466:18:bool touchgfx::Callback<dest_type, void, void, void>::isValid() const [with dest_type = CustomKeyboard]	16	static
G:/Projects_Nicthe_Jimenez/TouchGFX/TouchGFXProjects/MyApplication/TouchGFX/gui/src/common/CustomKeyboard.cpp:126:1:cpp)	8	static
G:/Projects_Nicthe_Jimenez/TouchGFX/TouchGFXProjects/MyApplication/TouchGFX/gui/src/common/CustomKeyboard.cpp:126:1:cpp)	8	static
